   Compiling typenum v1.20.1
   Compiling proc-macro2 v1.0.107
   Compiling windows-link v0.2.1
   Compiling quote v1.0.47
   Compiling unicode-ident v1.0.26
   Compiling cfg-if v1.0.5
   Compiling const-oid v0.10.2
   Compiling unicase v2.9.0
   Compiling cpufeatures v0.3.1
   Compiling serde_core v1.0.229
   Compiling zmij v1.0.23
   Compiling mime v0.3.17
   Compiling windows-sys v0.61.2
   Compiling serde_json v1.0.151
   Compiling getrandom v0.4.3
   Compiling serde v1.0.229
   Compiling mime_guess v2.0.5
   Compiling memchr v2.8.3
   Compiling itoa v1.0.18
   Compiling fastrand v2.5.0
   Compiling hybrid-array v0.4.15
   Compiling once_cell v1.21.4
   Compiling winapi-util v0.1.11
   Compiling same-file v1.0.6
   Compiling tempfile v3.27.0
   Compiling walkdir v2.5.0
   Compiling block-buffer v0.12.1
   Compiling crypto-common v0.2.2
   Compiling syn v3.0.6
   Compiling syn v2.0.119
   Compiling digest v0.11.3
   Compiling sha2 v0.11.0
   Compiling rust-embed-utils v8.12.0
   Compiling rust-embed-impl v8.12.0
   Compiling serde_derive v1.0.229
   Compiling rust-embed v8.12.0
   Compiling dossier-core v0.1.0 (E:\SUDIPTA\PERSONAL\dossier\artifacts\clean-source)
    Finished `test` profile [unoptimized + debuginfo] target(s) in 15.99s
     Running unittests src\lib.rs (target/clean-core\debug\deps\dossier_core-9463f5c908d52c3f.exe)

running 8 tests
test tests::naming_is_exact ... ok
test tests::validates_portable_names ... ok
test tests::invalid_input_writes_nothing ... ok
test tests::concurrent_runs_do_not_overwrite ... ok
test tests::reports_partial_work_and_conflicts ... ok
test tests::write_failure_retains_partial_file_and_reports_previous_success ... ok
test tests::preserves_edited_files ... ok
test tests::real_assets_repeat_and_second_section ... ok

test result: ok. 8 passed; 0 failed; 0 ignored; 0 measured; 0 filtered out; finished in 0.18s

     Running unittests src\main.rs (target/clean-core\debug\deps\dossier_cli-548130b2d6db21c3.exe)

running 0 tests

test result: ok. 0 passed; 0 failed; 0 ignored; 0 measured; 0 filtered out; finished in 0.00s

   Doc-tests dossier_core

running 0 tests

test result: ok. 0 passed; 0 failed; 0 ignored; 0 measured; 0 filtered out; finished in 0.00s
