   Compiling typenum v1.20.1
    Checking windows-link v0.2.1
    Checking cfg-if v1.0.5
   Compiling const-oid v0.10.2
   Compiling cpufeatures v0.3.1
    Checking serde_core v1.0.229
    Checking zmij v1.0.23
    Checking windows-sys v0.61.2
    Checking itoa v1.0.18
    Checking memchr v2.8.3
    Checking getrandom v0.4.3
    Checking fastrand v2.5.0
    Checking once_cell v1.21.4
    Checking hybrid-array v0.4.15
   Compiling winapi-util v0.1.11
    Checking tempfile v3.27.0
   Compiling same-file v1.0.6
   Compiling crypto-common v0.2.2
   Compiling block-buffer v0.12.1
   Compiling walkdir v2.5.0
    Checking digest v0.11.3
    Checking sha2 v0.11.0
    Checking serde v1.0.229
    Checking serde_json v1.0.151
    Checking rust-embed-utils v8.12.0
   Compiling rust-embed-impl v8.12.0
    Checking rust-embed v8.12.0
    Checking dossier-core v0.1.0 (E:\SUDIPTA\PERSONAL\dossier)
    Finished `dev` profile [unoptimized + debuginfo] target(s) in 6.71s
