    Finished `test` profile [unoptimized + debuginfo] target(s) in 0.24s
     Running unittests src\lib.rs (target\debug\deps\dossier_core-9463f5c908d52c3f.exe)

running 8 tests
test tests::naming_is_exact ... ok
test tests::validates_portable_names ... ok
test tests::invalid_input_writes_nothing ... ok
test tests::concurrent_runs_do_not_overwrite ... ok
test tests::reports_partial_work_and_conflicts ... ok
test tests::write_failure_retains_partial_file_and_reports_previous_success ... ok
test tests::preserves_edited_files ... ok
test tests::real_assets_repeat_and_second_section ... ok

test result: ok. 8 passed; 0 failed; 0 ignored; 0 measured; 0 filtered out; finished in 0.19s

     Running unittests src\main.rs (target\debug\deps\dossier_cli-548130b2d6db21c3.exe)

running 0 tests

test result: ok. 0 passed; 0 failed; 0 ignored; 0 measured; 0 filtered out; finished in 0.00s

   Doc-tests dossier_core

running 0 tests

test result: ok. 0 passed; 0 failed; 0 ignored; 0 measured; 0 filtered out; finished in 0.00s

   Compiling dossier v0.1.0 (E:\SUDIPTA\PERSONAL\dossier\src-tauri)
    Finished `release` profile [optimized] target(s) in 6m 07s

Algorithm       Hash                                                                   Path
---------       ----                                                                   ----
SHA256          1289D802728BAFB47A3F3620E18BA96C27A0DE5AED8A9B0963CDB2D6A76A1DCC       E:\SUDIPTA\PERSONAL\dossier\dist…
SHA256          AE60B3BB7AC6764025D60CB53BF755436DE91D080942668BD18F1D2368F81D67       E:\SUDIPTA\PERSONAL\dossier\dist…
